
> intellibot@0.1.0 build
> next build

   Γû▓ Next.js 16.0.2 (Turbopack)
   - Environments: .env

   Creating an optimized production build ...
node.exe : 
At C:\Program Files\n
odejs\npm.ps1:29 
char:3
+   & $NODE_EXE 
$NPM_CLI_JS $args
+   ~~~~~~~~~~~~~~~~~
~~~~~~~~~~~~
    + CategoryInfo   
           : NotSpe  
  cified: (:String   
 ) [], RemoteExce    
ption
    + FullyQualified 
   ErrorId : Native  
  CommandError
 
> Build error 
occurred
Error: Turbopack 
build failed with 3 
errors:
./node_modules/@rainb
ow-me/rainbowkit/dist
/index.css
Error evaluating 
Node.js code
Error: Cannot find 
module 'autoprefixer'
Require stack:
- C:\Users\Loy Qun Ji
e\Desktop\Code\somnia
\.next\build\chunks\[
root-of-the-server]__
51225daf._.js
- C:\Users\Loy Qun Ji
e\Desktop\Code\somnia
\.next\build\chunks\[
turbopack]_runtime.js
- C:\Users\Loy Qun Ji
e\Desktop\Code\somnia
\.next\build\postcss.
js
    [at Function._res
olveFilename (node:in
ternal/modules/cjs/lo
ader:1244:15)]
    [at 
Function._load (node:
internal/modules/cjs/
loader:1070:27)]
    [at TracingChanne
l.traceSync (node:dia
gnostics_channel:322:
14)]
    [at 
wrapModuleLoad (node:
internal/modules/cjs/
loader:217:24)]
    [at 
Module.require (node:
internal/modules/cjs/
loader:1335:12)]
    [at require (node
:internal/modules/hel
pers:136:16)]
    at turbopack:///[
turbopack-node]/trans
forms/postcss.ts:49:2
5 [C:\Users\Loy Qun J
ie\Desktop\Code\somni
a\.next\build\chunks\
[root-of-the-server]_
_51225daf._.js:135:33
]
    [at <anonymous>]
    at Module.init (t
urbopack:///[turbopac
k-node]/transforms/po
stcss.ts:43:33) 
[C:\Users\Loy Qun Jie
\Desktop\Code\somnia\
.next\build\chunks\[r
oot-of-the-server]__5
1225daf._.js:130:35]
    at run (turbopack
:///[turbopack-node]/
ipc/evaluate.ts:77:20
) [C:\Users\Loy Qun J
ie\Desktop\Code\somni
a\.next\build\chunks\
[root-of-the-server]_
_974941ed._.js:429:26
]

Import traces:
  Browser:
    ./node_modules/@r
ainbow-me/rainbowkit/
dist/index.css
    ./providers/Walle
tProvider.tsx
    
./src/pages/_app.tsx

  Client Component 
Browser:
    ./node_modules/@r
ainbow-me/rainbowkit/
dist/index.css 
[Client Component 
Browser]
    ./providers/Walle
tProvider.tsx 
[Client Component 
Browser]
    ./providers/Walle
tProvider.tsx 
[Server Component]
    
./src/app/layout.tsx 
[Server Component]


./src/styles/globals.
css
Error evaluating 
Node.js code
Error: Cannot find 
module 'autoprefixer'
Require stack:
- C:\Users\Loy Qun Ji
e\Desktop\Code\somnia
\.next\build\chunks\[
root-of-the-server]__
51225daf._.js
- C:\Users\Loy Qun Ji
e\Desktop\Code\somnia
\.next\build\chunks\[
turbopack]_runtime.js
- C:\Users\Loy Qun Ji
e\Desktop\Code\somnia
\.next\build\postcss.
js
    [at Function._res
olveFilename (node:in
ternal/modules/cjs/lo
ader:1244:15)]
    [at 
Function._load (node:
internal/modules/cjs/
loader:1070:27)]
    [at TracingChanne
l.traceSync (node:dia
gnostics_channel:322:
14)]
    [at 
wrapModuleLoad (node:
internal/modules/cjs/
loader:217:24)]
    [at 
Module.require (node:
internal/modules/cjs/
loader:1335:12)]
    [at require (node
:internal/modules/hel
pers:136:16)]
    at turbopack:///[
turbopack-node]/trans
forms/postcss.ts:49:2
5 [C:\Users\Loy Qun J
ie\Desktop\Code\somni
a\.next\build\chunks\
[root-of-the-server]_
_51225daf._.js:135:33
]
    [at <anonymous>]
    at Module.init (t
urbopack:///[turbopac
k-node]/transforms/po
stcss.ts:43:33) 
[C:\Users\Loy Qun Jie
\Desktop\Code\somnia\
.next\build\chunks\[r
oot-of-the-server]__5
1225daf._.js:130:35]
    at run (turbopack
:///[turbopack-node]/
ipc/evaluate.ts:77:20
) [C:\Users\Loy Qun J
ie\Desktop\Code\somni
a\.next\build\chunks\
[root-of-the-server]_
_974941ed._.js:429:26
]

Import traces:
  Browser:
    ./src/styles/glob
als.css
    
./src/pages/_app.tsx

  Client Component 
Browser:
    ./src/styles/glob
als.css [Client 
Component Browser]
    
./src/app/layout.tsx 
[Server Component]


./src/components/ui/a
lert-dialog.tsx:4:1
Module not found: 
Can't resolve '@radix
-ui/react-alert-dialo
g'
[0m [90m 2 |[39m
 [90m 3 |[39m 
[36mimport[39m 
[33m*[39m 
[36mas[39m 
[33mReact[39m 
[36mfrom[39m 
[32m"react"[39m
[31m[1m>[22m[39m
[90m 4 |[39m 
[36mimport[39m 
[33m*[39m 
[36mas[39m [33mAle
rtDialogPrimitive[39
m [36mfrom[39m [32
m"@radix-ui/react-ale
rt-dialog"[39m
 [90m   |[39m [31m
[1m^[22m[39m[31m
[1m^[22m[39m[31m[
1m^[22m[39m[31m[1
m^[22m[39m[31m[1m
^[22m[39m[31m[1m^
[22m[39m[31m[1m^
[22m[39m[31m[1m^[
22m[39m[31m[1m^[2
2m[39m[31m[1m^[22
m[39m[31m[1m^[22m
[39m[31m[1m^[22m
[39m[31m[1m^[22m[
39m[31m[1m^[22m[3
9m[31m[1m^[22m[39
m[31m[1m^[22m[39m
[31m[1m^[22m[39m
[31m[1m^[22m[39m[
31m[1m^[22m[39m[3
1m[1m^[22m[39m[31
m[1m^[22m[39m[31m
[1m^[22m[39m[31m
[1m^[22m[39m[31m[
1m^[22m[39m[31m[1
m^[22m[39m[31m[1m
^[22m[39m[31m[1m^
[22m[39m[31m[1m^
[22m[39m[31m[1m^[
22m[39m[31m[1m^[2
2m[39m[31m[1m^[22
m[39m[31m[1m^[22m
[39m[31m[1m^[22m
[39m[31m[1m^[22m[
39m[31m[1m^[22m[3
9m[31m[1m^[22m[39
m[31m[1m^[22m[39m
[31m[1m^[22m[39m
[31m[1m^[22m[39m[
31m[1m^[22m[39m[3
1m[1m^[22m[39m[31
m[1m^[22m[39m[31m
[1m^[22m[39m[31m
[1m^[22m[39m[31m[
1m^[22m[39m[31m[1
m^[22m[39m[31m[1m
^[22m[39m[31m[1m^
[22m[39m[31m[1m^
[22m[39m[31m[1m^[
22m[39m[31m[1m^[2
2m[39m[31m[1m^[22
m[39m[31m[1m^[22m
[39m[31m[1m^[22m
[39m[31m[1m^[22m[
39m[31m[1m^[22m[3
9m[31m[1m^[22m[39
m[31m[1m^[22m[39m
[31m[1m^[22m[39m
[31m[1m^[22m[39m[
31m[1m^[22m[39m[3
1m[1m^[22m[39m[31
m[1m^[22m[39m[31m
[1m^[22m[39m[31m
[1m^[22m[39m[31m[
1m^[22m[39m[31m[1
m^[22m[39m[31m[1m
^[22m[39m
 [90m 5 |[39m
 [90m 6 |[39m 
[90m// Simple 
utility function to 
combine 
classNames[39m
 [90m 7 |[39m 
[36mfunction[39m cn
([33m...[39minputs
[33m:[39m (string 
[33m|[39m 
undefined)[]) {[0m



Import traces:
  Browser:
    ./src/components/
ui/alert-dialog.tsx
    ./src/components/
HeroSection.tsx
    
./src/pages/index.tsx

  SSR:
    ./src/components/
ui/alert-dialog.tsx
    ./src/components/
HeroSection.tsx
    
./src/pages/index.tsx

https://nextjs.org/do
cs/messages/module-no
t-found


    at Module.init (t
urbopack:///[turbopac
k-node]/transforms/po
stcss.ts:43:33) 
[C:\Users\Loy Qun Jie
\Desktop\Code\somnia\
.next\build\chunks\[r
oot-of-the-server]__5
1225daf._.js:130:35])
    at run (turbopack
:///[turbopack-node]/
ipc/evaluate.ts:77:20
) [C:\Users\Loy Qun J
ie\Desktop\Code\somni
a\.next\build\chunks\
[root-of-the-server]_
_974941ed._.js:429:26
])
    at Module.init (t
urbopack:///[turbopac
k-node]/transforms/po
stcss.ts:43:33) 
[C:\Users\Loy Qun Jie
\Desktop\Code\somnia\
.next\build\chunks\[r
oot-of-the-server]__5
1225daf._.js:130:35])
    at run (turbopack
:///[turbopack-node]/
ipc/evaluate.ts:77:20
) [C:\Users\Loy Qun J
ie\Desktop\Code\somni
a\.next\build\chunks\
[root-of-the-server]_
_974941ed._.js:429:26
])
    at <unknown> (./s
rc/components/ui/aler
t-dialog.tsx:4:1)
    at <unknown> (htt
ps://nextjs.org/docs/
messages/module-not-f
ound)
